com.bottlerocket.bash.BashCommand -> com.bottlerocket.bash.BashCommand:
com.bottlerocket.bash.BashCommand$ParamOptionPair -> com.bottlerocket.bash.BashCommand$ParamOptionPair:
    java.lang.String option -> a
    java.lang.String parameter -> b
    java.lang.String toString() -> toString
com.bottlerocket.bash.BashRunner -> com.bottlerocket.bash.BashRunner:
com.bottlerocket.bash.FlickVideo -> com.bottlerocket.bash.FlickVideo:
com.bottlerocket.bash.FlickVideo$FLICK_PARAMS -> com.bottlerocket.bash.FlickVideo$FLICK_PARAMS:
    com.bottlerocket.bash.FlickVideo$FLICK_PARAMS action -> a
    com.bottlerocket.bash.FlickVideo$FLICK_PARAMS platform -> b
    com.bottlerocket.bash.FlickVideo$FLICK_PARAMS udid -> c
    com.bottlerocket.bash.FlickVideo$FLICK_PARAMS seconds -> d
    com.bottlerocket.bash.FlickVideo$FLICK_PARAMS count -> e
    com.bottlerocket.bash.FlickVideo$FLICK_PARAMS extend -> f
    com.bottlerocket.bash.FlickVideo$FLICK_PARAMS name -> g
    com.bottlerocket.bash.FlickVideo$FLICK_PARAMS unique -> h
    com.bottlerocket.bash.FlickVideo$FLICK_PARAMS format -> i
    com.bottlerocket.bash.FlickVideo$FLICK_PARAMS outdir -> j
    java.lang.String paramFlag -> k
    void <init>(java.lang.String,int,java.lang.String) -> <init>
    java.lang.String toString() -> toString
    void <clinit>() -> <clinit>
com.bottlerocket.bash.FlickVideoBuilder -> com.bottlerocket.bash.FlickVideoBuilder:
com.bottlerocket.bash.FlickVideoRunner -> com.bottlerocket.bash.FlickVideoRunner:
com.bottlerocket.config.AutomationConfigProperties -> com.bottlerocket.a.a:
    java.lang.String projectName -> a
    void <clinit>() -> <clinit>
com.bottlerocket.errorhandling.OperationsException -> com.bottlerocket.b.a:
    void <init>() -> <init>
    void <init>(java.lang.String,java.lang.Throwable) -> <init>
    void <init>(java.lang.Throwable) -> <init>
com.bottlerocket.errorhandling.WebDriverWrapperException -> com.bottlerocket.b.b:
    void <init>() -> <init>
    void <init>(java.lang.String,java.lang.Throwable) -> <init>
    void <init>(java.lang.Throwable) -> <init>
com.bottlerocket.utils.DateUtils -> com.bottlerocket.utils.DateUtils:
    java.lang.String dateOffset -> a
    void <init>() -> <init>
    java.lang.String getFirstDateRun() -> getFirstDateRun
com.bottlerocket.utils.ErrorHandler -> com.bottlerocket.utils.ErrorHandler:
    void <init>() -> <init>
    void printErr(java.lang.Exception) -> printErr
    void printErr(java.lang.String,java.lang.Exception) -> printErr
    void throwOperationsException(java.lang.String,java.lang.Exception) -> throwOperationsException
    void throwWebDriverException(java.lang.String,java.lang.Exception) -> throwWebDriverException
com.bottlerocket.utils.ExtentReportsAndTestCaseVerificationsBuilder -> com.bottlerocket.utils.ExtentReportsAndTestCaseVerificationsBuilder:
    void <init>() -> <init>
    java.lang.String createRGraphJson(java.io.File,java.io.File,java.lang.String,java.lang.String) -> createRGraphJson
    java.lang.String getTestsFilteredByDuration(java.io.File,java.lang.Double) -> getTestsFilteredByDuration
    java.lang.String printAllVerifications() -> printAllVerifications
    java.util.List parseFileForTest(java.util.List) -> parseFileForTest
    java.lang.String createFreeMarkerOutput(java.util.Map,java.lang.String) -> createFreeMarkerOutput
    java.util.List readFiles(java.util.function.Function) -> readFiles
    java.io.File getHomeFolder() -> getHomeFolder
    java.io.File getFileFromResource(java.lang.String) -> getFileFromResource
    com.bottlerocket.utils.ExtentReportsAndTestCaseVerificationsBuilder$ReportInfo parseFileForTotalDuration(java.io.File) -> parseFileForTotalDuration
    java.lang.String durationInSeconds(java.lang.String) -> a
    java.util.List parseFileForVerification(java.util.List) -> a
    boolean lambda$parseFileForTotalDuration$7(java.lang.String[],java.lang.String) -> a
    boolean lambda$readFiles$6(java.nio.file.Path,java.nio.file.attribute.BasicFileAttributes) -> a
    java.lang.String lambda$getTestsFilteredByDuration$5(com.bottlerocket.utils.ExtentReportsAndTestCaseVerificationsBuilder$ReportTestInfo) -> a
    boolean lambda$getTestsFilteredByDuration$4(java.lang.Double,com.bottlerocket.utils.ExtentReportsAndTestCaseVerificationsBuilder$ReportTestInfo) -> a
    java.lang.String lambda$createRGraphJson$3(com.bottlerocket.utils.ExtentReportsAndTestCaseVerificationsBuilder$ReportTestInfo) -> b
    java.lang.String lambda$createRGraphJson$2(com.bottlerocket.utils.ExtentReportsAndTestCaseVerificationsBuilder$ReportTestInfo) -> c
    java.lang.String lambda$createRGraphJson$1(com.bottlerocket.utils.ExtentReportsAndTestCaseVerificationsBuilder$ReportTestInfo) -> d
    java.lang.String lambda$createRGraphJson$0(com.bottlerocket.utils.ExtentReportsAndTestCaseVerificationsBuilder$ReportTestInfo) -> e
com.bottlerocket.utils.ExtentReportsAndTestCaseVerificationsBuilder$ReportInfo -> com.bottlerocket.utils.ExtentReportsAndTestCaseVerificationsBuilder$ReportInfo:
    java.lang.String fileName -> a
    java.lang.String dateFormatted -> b
    java.util.Date date -> c
    java.lang.String durationFormatted -> d
    java.lang.String durationInSeconds -> e
    java.util.List tests -> f
    void <init>(com.bottlerocket.utils.ExtentReportsAndTestCaseVerificationsBuilder) -> <init>
    java.lang.String getFileName() -> getFileName
    void setFileName(java.lang.String) -> setFileName
    java.lang.String getDateFormatted() -> getDateFormatted
    void setDateFormatted(java.lang.String) -> setDateFormatted
    java.util.Date getDate() -> getDate
    void setDate(java.util.Date) -> setDate
    java.lang.String getDurationFormatted() -> getDurationFormatted
    void setDurationFormatted(java.lang.String) -> setDurationFormatted
    java.lang.String getDurationInSeconds() -> getDurationInSeconds
    void setDurationInSeconds(java.lang.String) -> setDurationInSeconds
    java.util.List getTests() -> getTests
    void setTests(java.util.List) -> setTests
com.bottlerocket.utils.ExtentReportsAndTestCaseVerificationsBuilder$ReportTestInfo -> com.bottlerocket.utils.ExtentReportsAndTestCaseVerificationsBuilder$ReportTestInfo:
    java.lang.String testName -> a
    java.lang.String durationFormatted -> b
    java.lang.String durationInSeconds -> c
    java.lang.String status -> d
    void <init>(com.bottlerocket.utils.ExtentReportsAndTestCaseVerificationsBuilder) -> <init>
    java.lang.String getTestName() -> getTestName
    void setTestName(java.lang.String) -> setTestName
    java.lang.String getDurationFormatted() -> getDurationFormatted
    void setDurationFormatted(java.lang.String) -> setDurationFormatted
    java.lang.String getDurationInSeconds() -> getDurationInSeconds
    void setDurationInSeconds(java.lang.String) -> setDurationInSeconds
    java.lang.String getStatus() -> getStatus
    void setStatus(java.lang.String) -> setStatus
com.bottlerocket.utils.ExtentReportsAndTestCaseVerificationsBuilder$VerificationCategoryInfo -> com.bottlerocket.utils.ExtentReportsAndTestCaseVerificationsBuilder$VerificationCategoryInfo:
    java.lang.String categoryName -> a
    java.util.List classes -> b
    void <init>(com.bottlerocket.utils.ExtentReportsAndTestCaseVerificationsBuilder) -> <init>
    java.lang.String getCategoryName() -> getCategoryName
    void setCategoryName(java.lang.String) -> setCategoryName
    java.util.List getClasses() -> getClasses
    void setClasses(java.util.List) -> setClasses
com.bottlerocket.utils.ExtentReportsAndTestCaseVerificationsBuilder$VerificationClassInfo -> com.bottlerocket.utils.ExtentReportsAndTestCaseVerificationsBuilder$VerificationClassInfo:
    java.lang.String className -> a
    java.util.List verifications -> b
    void <init>(com.bottlerocket.utils.ExtentReportsAndTestCaseVerificationsBuilder) -> <init>
    java.lang.String getClassName() -> getClassName
    void setClassName(java.lang.String) -> setClassName
    java.util.List getVerifications() -> getVerifications
    void setVerifications(java.util.List) -> setVerifications
com.bottlerocket.utils.ExtentReportsAndTestCaseVerificationsBuilder$VerificationInfo -> com.bottlerocket.utils.ExtentReportsAndTestCaseVerificationsBuilder$VerificationInfo:
    java.lang.String category -> a
    java.lang.String testClass -> b
    java.lang.String verification -> c
    void <init>(com.bottlerocket.utils.ExtentReportsAndTestCaseVerificationsBuilder) -> <init>
    java.lang.String getCategory() -> getCategory
    void setCategory(java.lang.String) -> setCategory
    java.lang.String getTestClass() -> getTestClass
    void setTestClass(java.lang.String) -> setTestClass
    java.lang.String getVerification() -> getVerification
    void setVerification(java.lang.String) -> setVerification
com.bottlerocket.utils.InputUtils -> com.bottlerocket.utils.InputUtils:
    com.bottlerocket.webdriverwrapper.AppiumDriverWrapper driver -> a
    void <init>(com.bottlerocket.webdriverwrapper.AppiumDriverWrapper) -> <init>
    void sendKeysNumberPicker(org.openqa.selenium.WebElement,org.openqa.selenium.By,org.openqa.selenium.By,java.util.List) -> sendKeysNumberPicker
    void sendKeysHideKeyboard(org.openqa.selenium.WebElement,java.lang.String) -> sendKeysHideKeyboard
    void sendKeysHideKeyboard(org.openqa.selenium.WebElement,long) -> sendKeysHideKeyboard
    void sendKeysSafe(org.openqa.selenium.WebElement,java.lang.CharSequence) -> sendKeysSafe
    void sendNumbersSafe(org.openqa.selenium.WebElement,java.lang.String) -> sendNumbersSafe
    void setTextField(java.lang.String) -> setTextField
    void submitForm() -> submitForm
com.bottlerocket.utils.InputUtilsAndroid -> com.bottlerocket.utils.InputUtilsAndroid:
    void <init>(com.bottlerocket.webdriverwrapper.AppiumDriverWrapper) -> <init>
    void sendKeysHideKeyboard(org.openqa.selenium.WebElement,java.lang.String) -> sendKeysHideKeyboard
    void submitForm() -> submitForm
    void setTextField(java.lang.String) -> setTextField
com.bottlerocket.utils.InputUtilsIos -> com.bottlerocket.utils.InputUtilsIos:
    void <init>(com.bottlerocket.webdriverwrapper.AppiumDriverWrapper) -> <init>
    void sendKeysHideKeyboard(org.openqa.selenium.WebElement,java.lang.String) -> sendKeysHideKeyboard
    void setTextField(java.lang.String) -> setTextField
    void submitForm() -> submitForm
com.bottlerocket.utils.LogBuilder -> com.bottlerocket.utils.LogBuilder:
    java.util.List builder -> a
    void <init>() -> <init>
    com.bottlerocket.utils.LogBuilder appendLine(java.lang.String) -> appendLine
    com.bottlerocket.utils.LogBuilder appendLine(java.lang.String,java.lang.Object[]) -> appendLine
    com.bottlerocket.utils.LogBuilder appendLines(java.util.List) -> appendLines
    com.bottlerocket.utils.LogBuilder appendLineBreak() -> appendLineBreak
    com.bottlerocket.utils.LogBuilder appendPrettyLineSeparator() -> appendPrettyLineSeparator
    com.bottlerocket.utils.LogBuilder appendPrettyLineSeparator(java.lang.Character,int) -> appendPrettyLineSeparator
    void log() -> log
    java.lang.String logAndGetMessage() -> logAndGetMessage
com.bottlerocket.utils.Logger -> com.bottlerocket.utils.Logger:
    void <init>() -> <init>
    void log(java.lang.String) -> log
    void log(java.lang.String,java.lang.String) -> log
    void logCurrentTime() -> logCurrentTime
com.bottlerocket.utils.Logger$ComponentType -> com.bottlerocket.utils.Logger$ComponentType:
    com.bottlerocket.utils.Logger$ComponentType mockServer -> mockServer
    com.bottlerocket.utils.Logger$ComponentType dataloader -> dataloader
    com.bottlerocket.utils.Logger$ComponentType bash -> bash
    com.bottlerocket.utils.Logger$ComponentType proguard -> proguard
    com.bottlerocket.utils.Logger$ComponentType reporter -> reporter
    com.bottlerocket.utils.Logger$ComponentType[] $VALUES -> a
    com.bottlerocket.utils.Logger$ComponentType[] values() -> values
    com.bottlerocket.utils.Logger$ComponentType valueOf(java.lang.String) -> valueOf
    void <init>(java.lang.String,int,java.lang.String) -> <init>
    void <clinit>() -> <clinit>
com.bottlerocket.webdriverwrapper.AppiumDriverWrapper -> com.bottlerocket.c.a:
    io.appium.java_client.AppiumDriver getDriver() -> a
    void pressKeyCode(io.appium.java_client.android.nativekey.AndroidKey) -> a
    void hideKeyboard() -> b
com.bottlerocket.webdriverwrapper.AppiumDriverWrapperIos -> com.bottlerocket.c.b:
    void hideKeyboard() -> b
    io.appium.java_client.AppiumDriver getDriver() -> a
com.bottlerocket.webdriverwrapper.WebDriverWrapper -> com.bottlerocket.c.c:
